32.map
28,24
[RSC]
G,grass.png
M,mountain.png
[AT]
.,.,.,.,.,.,.,.,.,.,.,.,M,M,M,.,.,.,.,.,.,.,.,.,.,.,.,.
.,.,.,.,.,.,.,.,.,.,.,.,M,M,M,.,.,.,.,.,.,.,.,.,.,.,.,.
.,.,.,.,.,.,.,.,.,.,.,.,M,M,M,.,.,.,.,.,.,.,.,.,.,.,.,.
.,.,.,.,.,.,.,.,.,.,.,.,M,M,M,.,.,.,.,.,.,.,.,.,.,.,.,.
.,.,.,.,.,.,.,.,.,.,.,.,M,M,M,.,.,.,.,.,.,.,.,.,.,.,.,.
.,.,.,.,.,.,.,.,.,.,.,.,M,M,M,.,.,.,.,.,.,.,.,.,.,.,.,.
.,.,.,.,.,.,.,.,.,.,.,.,M,M,M,.,.,.,.,.,.,.,.,.,.,.,.,.
.,.,.,.,.,.,.,.,.,.,.,.,M,M,M,.,.,.,.,.,.,.,.,.,.,.,.,.
.,.,.,.,.,.,.,.,.,.,.,.,M,M,M,.,.,.,.,.,.,.,.,.,.,.,.,.
.,.,.,.,.,.,.,.,.,.,.,.,M,M,M,.,.,.,.,.,.,.,.,.,.,.,.,.
.,.,.,.,.,.,.,.,.,.,.,.,M,M,M,.,.,.,.,.,.,.,.,.,.,.,.,.
.,.,.,.,.,.,.,.,.,.,.,.,M,M,M,.,.,.,.,.,.,.,.,.,.,.,.,.
.,.,.,.,.,.,.,.,.,.,.,.,M,M,M,.,.,.,.,.,.,.,.,.,.,.,.,.
.,.,.,.,.,.,.,.,.,.,.,.,M,M,M,.,.,.,.,.,.,.,.,.,.,.,.,.
.,.,.,.,.,.,.,.,.,.,.,.,M,M,M,.,.,.,.,.,.,.,.,.,.,.,.,.
.,.,.,.,.,.,.,.,.,.,.,.,M,M,M,.,.,.,.,.,.,.,.,.,.,.,.,.
.,.,.,.,.,.,.,.,.,.,.,.,M,M,M,.,.,.,.,.,.,.,.,.,.,.,.,.
.,.,.,.,.,.,.,.,.,.,.,.,M,M,M,.,.,.,.,.,.,.,.,.,.,.,.,.
.,.,.,.,.,.,.,.,.,.,.,.,M,M,M,.,.,.,.,.,.,.,.,.,.,.,.,.
.,.,.,.,.,.,.,.,.,.,.,.,M,M,M,.,.,.,.,.,.,.,.,.,.,.,.,.
.,.,.,.,.,.,.,.,.,.,.,.,M,M,M,.,.,.,.,.,.,.,.,.,.,.,.,.
.,.,.,.,.,.,.,.,.,.,.,.,M,M,M,.,.,.,.,.,.,.,.,.,.,.,.,.
.,.,.,.,.,.,.,.,.,.,.,.,M,M,M,.,.,.,.,.,.,.,.,.,.,.,.,.
.,.,.,.,.,.,.,.,.,.,.,.,M,M,M,.,.,.,.,.,.,.,.,.,.,.,.,.
.,.,.,.,.,.,.,.,.,.,.,.,M,M,M,.,.,.,.,.,.,.,.,.,.,.,.,.
.,.,.,.,.,.,.,.,.,.,.,.,M,M,M,.,.,.,.,.,.,.,.,.,.,.,.,.
.,.,.,.,.,.,.,.,.,.,.,.,M,M,M,.,.,.,.,.,.,.,.,.,.,.,.,.
.,.,.,.,.,.,.,.,.,.,.,.,M,M,M,.,.,.,.,.,.,.,.,.,.,.,.,.
[UNDER]
G,G,G,G,G,G,G,G,G,G,G,G,M,M,M,D,D,D,D,D,D,D,D,D,D,D,D,D,
G,G,G,G,G,G,G,G,G,G,G,G,M,M,M,D,D,D,D,D,D,D,D,D,D,D,D,D,
G,G,G,G,G,G,G,G,G,G,G,G,M,M,M,D,D,D,D,D,D,D,D,D,D,D,D,D,
G,G,G,G,G,G,G,G,G,G,G,G,M,M,M,D,D,D,D,D,D,D,D,D,D,D,D,D,
G,G,G,G,G,G,G,G,G,G,G,G,M,M,M,D,D,D,D,D,D,D,D,D,D,D,D,D,
G,G,G,G,G,G,G,G,G,G,G,G,M,M,M,D,D,D,D,D,D,D,D,D,D,D,D,D,
G,G,G,G,G,G,G,G,G,G,G,G,M,M,M,D,D,D,D,D,D,D,D,D,D,D,D,D,
G,G,G,G,G,G,G,G,G,G,G,G,M,M,M,D,D,D,D,D,D,D,D,D,D,D,D,D,
G,G,G,G,G,G,G,G,G,G,G,G,M,M,M,D,D,D,D,D,D,D,D,D,D,D,D,D,
G,G,G,G,G,G,G,G,G,G,G,G,M,M,M,D,D,D,D,D,D,D,D,D,D,D,D,D,
G,G,G,G,G,G,G,G,G,G,G,G,M,M,M,D,D,D,D,D,D,D,D,D,D,D,D,D,
G,G,G,G,G,G,G,G,G,G,G,G,M,M,M,D,D,D,D,D,D,D,D,D,D,D,D,D,
G,G,G,G,G,G,G,G,G,G,G,G,M,M,M,D,D,D,D,D,D,D,D,D,D,D,D,D,
G,G,G,G,G,G,G,G,G,G,G,G,M,M,M,D,D,D,D,D,D,D,D,D,D,D,D,D,
G,G,G,G,G,G,G,G,G,G,G,G,M,M,M,D,D,D,D,D,D,D,D,D,D,D,D,D,
G,G,G,G,G,G,G,G,G,G,G,G,M,M,M,D,D,D,D,D,D,D,D,D,D,D,D,D,
G,G,G,G,G,G,G,G,G,G,G,G,M,M,M,D,D,D,D,D,D,D,D,D,D,D,D,D,
G,G,G,G,G,G,G,G,G,G,G,G,M,M,M,D,D,D,D,D,D,D,D,D,D,D,D,D,
G,G,G,G,G,G,G,G,G,G,G,G,M,M,M,D,D,D,D,D,D,D,D,D,D,D,D,D,
G,G,G,G,G,G,G,G,G,G,G,G,M,M,M,D,D,D,D,D,D,D,D,D,D,D,D,D,
G,G,G,G,G,G,G,G,G,G,G,G,M,M,M,D,D,D,D,D,D,D,D,D,D,D,D,D,
G,G,G,G,G,G,G,G,G,G,G,G,M,M,M,D,D,D,D,D,D,D,D,D,D,D,D,D,
G,G,G,G,G,G,G,G,G,G,G,G,M,M,M,D,D,D,D,D,D,D,D,D,D,D,D,D,
G,G,G,G,G,G,G,G,G,G,G,G,M,M,M,D,D,D,D,D,D,D,D,D,D,D,D,D,
G,G,G,G,G,G,G,G,G,G,G,G,M,M,M,D,D,D,D,D,D,D,D,D,D,D,D,D,
G,G,G,G,G,G,G,G,G,G,G,G,M,M,M,D,D,D,D,D,D,D,D,D,D,D,D,D,
G,G,G,G,G,G,G,G,G,G,G,G,M,M,M,D,D,D,D,D,D,D,D,D,D,D,D,D,
G,G,G,G,G,G,G,G,G,G,G,G,M,M,M,D,D,D,D,D,D,D,D,D,D,D,D,D,
