The (4,0) position in the world map
[RSC]
G ground.png
O water.png
S sand.png
s <HALFSAND.png>
[AT]
.......OOOOOOOOOOOOOOOOOOOOO
.......OOOOOOOOOOOOOOOOOOOOO
.......OOOOOOOOOOOOOOOOOOOOO
.......OOOOOOOOOOOOOOOOOOOOO
.......OOOOOOOOOOOOOOOOOOOOO
.......OOOOOOOOOOOOOOOOOOOOO
.......OOOOOOOOOOOOOOOOOOOOO
.......OOOOOOOOOOOOOOOOOOOOO
.......OOOOOOOOOOOOOOOOOOOOO
.......OOOOOOOOOOOOOOOOOOOOO
.......OOOOOOOOOOOOOOOOOOOOO
.......OOOOOOOOOOOOOOOOOOOOO
.......OOOOOOOOOOOOOOOOOOOOO
.......OOOOOOOOOOOOOOOOOOOOO
.......OOOOOOOOOOOOOOOOOOOOO
.......OOOOOOOOOOOOOOOOOOOOO
.......OOOOOOOOOOOOOOOOOOOOO
.......OOOOOOOOOOOOOOOOOOOOO
.......OOOOOOOOOOOOOOOOOOOOO
.......OOOOOOOOOOOOOOOOOOOOO
.......OOOOOOOOOOOOOOOOOOOOO
.......OOOOOOOOOOOOOOOOOOOOO
.......OOOOOOOOOOOOOOOOOOOOO
.......OOOOOOOOOOOOOOOOOOOOO
[UNDER]
GGGGGSSS....................
GGGGGSSS....................
GGGGGSSS....................
GGGGGSSS....................
GGGGGSSS....................
GGGGGSSS....................
GGGGGSSS....................
GGGGGSSS....................
GGGGGSSS....................
GGGGGSSS....................
GGGGGSSS....................
GGGGGSSS....................
GGGGGSSS....................
GGGGGSSS....................
GGGGGSSS....................
GGGGGSSS....................
GGGGGSSS....................
GGGGGSSS....................
GGGGGSSS....................
GGGGGSSS....................
GGGGGSSS....................
GGGGGSSS....................
GGGGGSSS....................
GGGGGSSS....................
[ENTITY]
