The top left portion on quadrent I

[RSC]
G ground.png
T tree.png
W wall.png
O <OCEAN.png>
S <SAND.png>


[AT]
............................
............................
............................
............................
............................
............................
............................
............................
............................
............................
............................
............................
............................
............................
............................
............................
............................
............................
............................
............................
............................
............................
............................
............................
............................
............................
............................
............................
............................
............................
............................
............................
............................
............................
............................
[UNDER]
GGGGGSSOOOOOOOOOOOOOOOOOOOOO
GGGGGSSOOOOOOOOOOOOOOOOOOOOO
GGGGGSSOOOOOOOOOOOOOOOOOOOOO
GGGGGSSOOOOOOOOOOOOOOOOOOOOO
GGGGGSSOOOOOOOOOOOOOOOOOOOOO
GGGGGSSOOOOOOOOOOOOOOOOOOOOO
GGGGGSSOOOOOOOOOOOOOOOOOOOOO
GGGGGSSOOOOOOOOOOOOOOOOOOOOO
GGGGGSSOOOOOOOOOOOOOOOOOOOOO
GGGGGSSOOOOOOOOOOOOOOOOOOOOO
GGGGGSSOOOOOOOOOOOOOOOOOOOOO
GGGGGSSOOOOOOOOOOOOOOOOOOOOO
GGGGGSSOOOOOOOOOOOOOOOOOOOOO
GGGGGSSOOOOOOOOOOOOOOOOOOOOO
GGGGGSSOOOOOOOOOOOOOOOOOOOOO
GGGGGSSOOOOOOOOOOOOOOOOOOOOO
GGGGGSSOOOOOOOOOOOOOOOOOOOOO
GGGGGSSOOOOOOOOOOOOOOOOOOOOO
GGGGGSSOOOOOOOOOOOOOOOOOOOOO
GGGGGSSOOOOOOOOOOOOOOOOOOOOO
GGGGGSSOOOOOOOOOOOOOOOOOOOOO
GGGGGSSOOOOOOOOOOOOOOOOOOOOO
GGGGGSSOOOOOOOOOOOOOOOOOOOOO
GGGGGSSOOOOOOOOOOOOOOOOOOOOO
GGGGGSSOOOOOOOOOOOOOOOOOOOOO
GGGGGSSOOOOOOOOOOOOOOOOOOOOO
[ENTITY]
