The (7,1) position in the map grid

[RSC]
O <OCEAN.png>
S <SAND.png>
B <BRIDGE.png>
G <GRASS.png>

[AT]
........OOOOOOOOOOOOOOOOOOOO
........OOOOOOOOOOOOOOOOOOOO
........OOOOOOOOOOOOOOOOOOOO
........OOOOOOOOOOOOOOOOOOOO
........OOOOOOOOOOOOOOOOOOOO
........OOOOOOOOOOOOOOOOOOOO
........OOOOOOOOOOOOOOOOOOOO
........OOOOOOOOOOOOOOOOOOOO
........OOOOOOOOOOOOOOOOOOOO
........OOOOOOOOOOOOOOOOOOOO
........OOOOOOOOOOOOOOOOOOOO
........OOOOOOOOOOOOOOOOOOOO
........OOOOOOOOOOOOOOOOOOOO
........OOOOOOOOOOOOOOOOOOOO
........OOOOOOOOOOOOOOOOOOOO
..........OOOOOOOOOOOOOO....
..........OOOOOOOOOOO.......
...........OOOOOOO........OO
.......................OOOOO
....................OOOOOOOO
............OOOOOOOOOOOOOOOO
.............OOOOOOOOOOOOOOO
.................OOOOOOOOOOO
....................OOOOOOOO

[UNDER]
GGGGGSSS....................
GGGGGSSS....................
GGGGGSSS....................
GGGGGSSS....................
GGGGGSSS....................
GGGGGSSS....................
GGGGGSSS....................
GGGGGSSS....................
GGGGGSSS....................
GGGGGSSS....................
GGGGGSSS....................
GGGGGSSS....................
GGGGGSSS....................
GGGGGSSS....................
GGGGGSSS....................
GGGGGGGSSS..............BBBB
GGGGGGGSSS...........BBBBBBB
GGGGGGGGSSS.......BBBBBBBB..
GGGGGGGGSSSBBBBBBBBBBBB.....
GGGGGGGGGSSSBBBBBBBB........
GGGGGGGGGSSS................
GGGGGGGGGGSSS...............
GGGGGGGGGGSSSSSSS...........
GGGGGGGGGGGGSSSSSSSS........

[ENTITY]
