55.map
28,24
[RSC]
G,grass.png
M,mountain.png
#,ocean.png
[AT]
MMMMMMMMMMMMMMMMMMMMMMMMMMMM
MM##########################
MM##########################
MM##########################
MM##########################
MM##########################
MM##########################
MM##########################
MM##########################
MM##########################
MM##########################
MM##########################
MM##########################
MM##########################
MM##########################
MM##########################
MM##########################
MM##########################
MM##########################
MM##########################
MM###################.......
MM###################.......
MM###################.......
MM###################.......
[UNDER]
MMMMMMMMMMMMMMMMMMMMMMMMMMMM
MMMMMMMMMMMMMMMMMMMMMMMMMMMM
MM##########################
MM##########################
MM##########################
MM##########################
MM##########################
MM##########################
MM##########################
MM##########################
MM##########################
MM##########################
MM##########################
MM##########################
MM##########################
MM##########################
MM##########################
MM##########################
MM##########################
MM##########################
MM###################GGGGGGG
MM###################GGGGGGG
MM###################GGGGGGG
MM###################GGGGGGG
