55.map
[RSC]
G grass.png
M mountain.png
# waterToxic.png
[AT]
MMMMMMMMMMMMMMMMMMMMMMMMMMMM
MMMMMMMMMMMMMMMMMMMMMMMMMMMM
MM##########################
MM##########################
MM##########################
MM##########################
MM##########################
MM##########################
MM##########################
MM##########################
MM##########################
MM##########################
MM##########################
MM##########################
MM##########################
MM##########################
MM##########################
MM##########################
MM##########################
MM##########################
MM###################.......
MM###################.......
MM###################.......
MM###################.......
[UNDER]
MMMMMMMMMMMMMMMMMMMMMMMMMMMM
MMMMMMMMMMMMMMMMMMMMMMMMMMMM
MM##########################
MM##########################
MM##########################
MM##########################
MM##########################
MM##########################
MM##########################
MM##########################
MM##########################
MM##########################
MM##########################
MM##########################
MM##########################
MM##########################
MM##########################
MM##########################
MM##########################
MM##########################
MM###################GGGGGGG
MM###################GGGGGGG
MM###################GGGGGGG
MM###################GGGGGGG
[ENTITY]




















