5_8.map
[RSC]
G grassDead.png
M mountain.png
# waterToxic.png
W wall.png
R rubble.png
S waterToxicWithStone.png
T treeDying.png
[AT]
MMMMMMMMMMMMMMM...WWWWWWWWWW
MM......TT...T......W......T
MM.T.T..TT.T.T......W......T
MM......TT.T.T......W......T
MMTTTT..TT.T.T......W......T
MM.........T........WWWWW..T
MM...T.....TTT..............
MM...T.....T....TTTTTTTTTT..
MM...T.....T....TTTTTTTTTT..
MM...T.....T................
MM...TTTTTTTTTTTTTTTT.......
MM..................T.......
MM..................T.......
MM###############...WWWWWWWW
MM###############...######..
MM###############...######..
MM###############...######..
MM################.#######..
MM################.#######..
MM..................######..
MM.........T........######..
MM.T...........T............
MM..........................
MMWWWWWWWWWWWWWWWWWWWWWWWWWW
[UNDER]
MMGGGGGGGGGGGGGGGGGGGGGGGGGG
MMGGGGGGGGGGGGGGGGGGGGGGGGGG
MMGGGGGGGGGGGGGGGGGGGGGGGGGG
MMGGGGGGGGGGGGGGGGGGGGGGGGGG
MMGGGGGGGGGGGGGGGGGGGGGGGGGG
MMGGGGGGGGGGGGGGGGGGGGGGGGGG
MMGGGGGGGGGGGGGGGGGGGGGGGGGG
MMGGGGGGGGGGGGGGGGGGGGGGGGGG
MMGGGGGGGGGGGGGGGGGGGGGGGGGG
MMGGGGGGGGGGGGGGGGGGGGGGGGGG
MMGGGGGGGGGGGGGGGGGGGGGGGGGG
MMGGGGGGGGGGGGGGGGGGGGGGGGGG
MMGGGGGGGGGGGGGGGGGGGGGGGGGG
MMGGGGGGGGGGGGGGGGGGGGGGGGGG
MMGGGGGGGGGGGGGGGGGGGGGGGGGG
MMGGGGGGGGGGGGGGGGGGGGGGGGGG
MMGGGGGGGGGGGGGGGGGGGGGGGGGG
MMGGGGGGGGGGGGGGGGGGGGGGGGGG
MMGGGGGGGGGGGGGGGGGGGGGGGGGG
MMGGGGGGGGGGGGGGGGGGGGGGGGGG
MMGGGGGGGGGGGGGGGGGGGGGGGGGG
MMGGGGGGGGGGGGGGGGGGGGGGGGGG
MMGGGGGGGGGGGGGGGGGGGGGGGGGG
MMGGGGGGGGGGGGGGGGGGGGGGGGGG
[ENTITY]
Skel skeleton.png 512 352
Skel2 skeleton.png 576 352



















