5_8.map
[RSC]
G grassDead.png
M mountain.png
# waterToxic.png
W wall.png
R rubble.png
T treeDying.png
[AT]
MMWWWWWWWWWWWWWWWWWWWWWWWWWW
MM..................TWT.....
MM..WWWWWWWWWWWWWW..TWT....M
MM..W............W..TWT....M
MM...............W..WWW....M
MM..T..WWWWWWWW..WWWWWW....M
MM..T.TW.........W..TWT....M
MM..T.TW.T.T.T...W..TWT....M
MM..T.TW............TWT....M
......TW...WWWWWWWWWWWW....M
......TW...WW..............M
......TW...WW..............M
......TW...WW..............M
MM..T.TW...WW..............M
MM..T.TW...WWWWWWWWWWWWWWWWM
MM..T.TW....................
MM..T.TW....................
MM..T..WWWWWWWWWWWWWWWWWWWWW
MM..........................
MM.###.................MMM..
MM.###.T.T.T.T.T.T.T...MMM..
MM.#################...MMM..
MM.#################...MMM..
MM..........................
[UNDER]
MMGGGGGGGGGGGGGGGGGGGWWWGGGG
MMGGGGGGGGGGGGGGGGGGGWWWGGGG
MMGGGGGGGGGGGGGGGGGGGGGGGGGG
MMGGGGGGGGGGGGGGGGGGGGGGGGGG
MMGGGGGGGGGGGGGGGGGGGGGGGGGG
MMGGGGGGGGGGGGGGGGGGGGGGGGGG
MMGGGGGGGGGGGGGGGGGGGGGGGGGG
MMGGGGGGGGGGGGGGGGGGGGGGGGGG
MMGGGGGGGGGGGGGGGGGGGGGGGGGG
MMGGGGGGGGGGGGGGGGGGGGGGGGGG
MMGGGGGGGGGGGGGGGGGGGGGGGGGG
MMGGGGGGGGGGGGGGGGGGGGGGGGGG
MMGGGGGGGGGGGGGGGGGGGGGGGGGG
MMGGGGGGGGGGGGGGGGGGGGGGGGGG
MMGGGGGGGGGGGGGGGGGGGGGGGGGG
MMGGGGGGGGGGGGGGGGGGGGGGGGGG
MMGGGGGGGGGGGGGGGGGGGGGGGGGG
MMGGRGGGGGGGGGGGGGGGGGGGGGGG
MMGGGGGGGGGGGGGGGGGGGGGGGGGG
MMGGGGGGGGGGGGGGGGGGGGGGGGGG
MMGGGGGGGGGGGGGGGGGRGGGGGGGG
MMGGGGGGGGGGGGGGGGGGGGGGGGGG
MMGGGGGGGGGGGGGGGGGGGGGGGGGG
MMGGGGGGGGGGGGGGGGGGGGGGGGGG
[ENTITY]
Skel skeleton.png 512 352
Skel2 skeleton.png 576 352



















