5_9.map
[RSC]
G grassDead.png
M rocks.png
# waterToxic.png
W wall.png
R rubbleDead.png
T treeDying.png
[AT]
MMMMMMMMMMMMMMMMMMMMMMM....M
MMMMMMMMMMMMMMMMMMMMMMM....M
MMMMMMMMMMMMMMMMMMMMMMM....M
MM.............MMMMMMMM....M
MM..#########....MMMMMM....M
MM.##########....MMMMMM....M
MM.######..###...TMMMMT....M
MM..#####........TMMMT....MM
MM..T#####........MMT....MMM
MM....#####TTTT.........MMMM
MMM...T#####TTTT.......TMMMM
MMMM.........TTTTTTTTTTTMMMM
MMMMM..........TTTTTTT......
MM..MMM..........TTTTT......
MM...MMT..........TTT.....TT
MMT...............TTT....TTT
MM...MMT.......T..TTT....TTT
MM..MMM...........TTT..T..TT
MMMMM.............TTT......T
MMM..............TTTTT......
MMM.............TTTTTTT.....
MMMM........................
MMMMMMMMMMMMMMMMMMMMMMMMMMMM
MMMMMMMMMMMMMMMMMMMMMMMMMMMM
[UNDER]
MMGGGGGGGGGGGGGGGGGGGGGGGGGG
MMGGGGGGGGGGGGGGGGGGGGGGGGGG
MMGGGGGGGGGGGGGGGGGGGGGGGGGG
MMGGGGGGGGGGGGGGGGGGGGGGGGGG
MMGGGGGGGGGGGGGGGGGGGGGGGGGG
MMGGGGGGGGGGGGGGGGGGGGGGGGGG
MMGGGGGGGGGGGGGGGGGGGGGGGGGG
MMGGGGGGGGGGGGGGGGGGGGGGGGGG
MMGGGGGGGGGGGGGGGGGGGGGGGGGG
MMGGGGGGGGGGGGGGGGGGGGGGGGGG
MMGGGGGGGGGGGGGGGGGGGGGGGGGG
MMGGGGGGGGGGGGGGGGGGGGGGGGGG
MMGGGGGGGGGGGGGGGGGGGGGGGGGG
MMGGGGGGGGGGGGGGGGGGGGGGGGGG
MMGGGGGGGGGGGRGGGGGGGGGGGGGG
MMGGGGGGGGGGGGGGGGGGGGGGGGGG
MMGGGGGGGGGGGGGGGGGGGGGGGGGG
MMGGGGGGGGGGGGRGGGGGGGGGGGGG
MMGGGGGGGGGGGGGGGGGGGGGGGGGG
MMGGGGGGRGGGGGGGGGGGGGGGGGGG
MMGGGGGGGGGGGGGGGGGGGGGGGGGG
MMGGGGGGGGGGGGGGGGGGGGGGGGGG
MMGGGGGGGGGGGGGGGGGGGGGGGGGG
MMGGGGGGGGGGGGGGGGGGGGGGGGGG
[ENTITY]
Skel skeleton.png 320 480
Skel2 skeleton.png 320 512



















