65.map
[RSC]
G grass.png
M mountain.png
# waterToxic.png
S waterToxicWithStone.png
[AT]
MMMMMMMMMMMMMMMMMMMMMMMMMMMM
MMMMMMMMMMMMMMMMMMMMMMMMMMMM
############################
############################
############################
############################
############################
############################
############################
############################
############################
############################
############################
####################........
####################.#######
####################.#######
####################.#######
####################.#######
####################.#######
####################.#######
............................
............................
............................
............................
[UNDER]
MMMMMMMMMMMMMMMMMMMMMMMMMMMM
MMMMMMMMMMMMMMMMMMMMMMMMMMMM
############################
############################
############################
############################
############################
############################
############################
############################
############################
############################
############################
####################SSSSSSSS
####################S#######
####################S#######
####################S#######
####################S#######
####################S#######
####################S#######
GGGGGGGGGGGGGGGGGGGGGGGGGGGG
GGGGGGGGGGGGGGGGGGGGGGGGGGGG
GGGGGGGGGGGGGGGGGGGGGGGGGGGG
GGGGGGGGGGGGGGGGGGGGGGGGGGGG
[ENTITY]
