6_6.map
[RSC]
G grass.png
M mountain.png
# water.png
S waterToxicWithStone.png
W wall.png
T tree.png
R rubble.png
[AT]
MM.......WWWWWWWWWWWWWWWWWWW
MM..........................
MM..........................
MM.......W..................
MM.......W..................
MM.......W..................
MM.......W..................
MM.T.T.T.W..................
MM######.###################
MM######.###################
MM######.###################
MM######.###################
MM######.###################
MM######.###################
MM######..............######
MM###################.######
MM###################.######
MM###################.######
MM###################.######
MM###################.######
MM.................MM.......
MM.................MM.......
MMMMMMMMMMMMMMMMMMMMM...MMMM
MMMMMMMMMMMMMMMMMMMMM...MMMM
[UNDER]
MMGGGGGGGGGGGGGGGGGGGGGGGGGG
MMGRGGGGGGGGGGGGGGGGGGGGGGGG
MMGGGGGGGGGGGGGGGGGGGGGGGGGG
MMGGGGGGGGGGGGGGGGGGGGGGGGGG
MMGGGRGGGGGGGGGGGGGGGGGGGGGG
MMGGGGGGGGGGGGGGGGGGGGGGGGGG
MMGGGGGGGGGGGGGGGGGGGGGGGGGG
MMGGGGGGGGGGGGGGGGGGGGGGGGGG
MM######S###################
MM######S###################
MM######S###################
MM######S###################
MM######S###################
MM######S###################
MM######SSSSSSSSSSSSSS######
MM###################S######
MM###################S######
MM###################S######
MM###################S######
MM###################S######
GGGGGGGGGGGGGGGGGGGGGGGGGGGG
GGGGGGGGGGGGGGGGGGGGGGGGGGGG
MMMMMMMMMMMMMMMMMMMMMGGGMMMM
MMMMMMMMMMMMMMMMMMMMMGGGMMMM
[ENTITY]
Skel skeleton.png 480 128
Skel2 skeleton.png 576 128
Skel3 skeleton.png 672 128



















