5_9.map
[RSC]
G grassDead.png
M rocks.png
# waterToxic.png
W wall.png
R rubbleDead.png
T treeDying.png
[AT]
MMMMMMMMMM..............MMMM
MMMMMM..................MMMM
MMMM..........T.........MMMM
MMM..T..####............MMMM
MMMM...######....T......MMMM
MMMMM###########........MMMM
MMMMMMM##########.......MMMM
MMMMMMMMMM########......MMMM
MMMMMMMMMMMM########....MMMM
MMMMMMMMMMMM########....MMMM
MMMMMMMMMMMM########....MMMM
MMMMMMMMMMMM########....MMMM
.............######.....MMMM
...T.T.T.T.T..####.....TMMMM
MM.............##.......MMMM
MMMM.T.T.T.T.T...T.T.T.TMMMM
MMMM....................MMMM
MMMM....T.T.T.....T.T..TMMMM
TTTTTT.................MMMMM
.....TT.....TTTTT......MMMMM
......TT...TTTTTTT....MMMMMM
......TT............MMMMMMMM
MMMMMMMMMMMMMMMMMMMMMMMMMMMM
MMMMMMMMMMMMMMMMMMMMMMMMMMMM
[UNDER]
MMGGGGGGGGGGGGGGGGGGGGGGGGGG
MMGGGGGGGGGGGGGGGGGGGGGGGGGG
MMGGGGGGGGGGGGGGGGGRGGGGGGGG
MMGGGGGGGGGGGGGGGGGGGGGGGGGG
MMGGGGGGGGGGGGGGGGGGGGGGGGGG
MMGGGGGGGGGGGGGGGGGGGGGGGGGG
MMGGGGGGGGGGGGGGGGGGGGGGGGGG
MMGGGGGGGGGGGGGGGGGGGGGGGGGG
MMGGGGGGGGGGGGGGGGGGGGGGGGGG
MMGGGGGGGGGGGGGGGGGGGGGGGGGG
MMGGGGGGGGGGGGGGGGGGGGGGGGGG
MMGGGGGGGGGGGGGGGGGGGGGGGGGG
GGGGGGGGGGGGGGGGGGGGGGGGGGGG
GGGGGGGGGGGGGGGGGGGGGGGGGGGG
MMGGGGGGGGGGGGGGGGGGGGGGGGGG
MMGGGGGGGGGGGGGGGGGGGGGGGGGG
MMGGGGGGGGGGGGGGGGGGGGGGGGGG
MMGGGGGGGGGGGGGGGGGGGGGGGGGG
MMGGGGGGGGGGGGGGGGGGGGGGGGGG
GGGGGGGGGGGGGGGGGGGGGGGGGGGG
GGGGGGGGGGGGGGGGGGGGGGGGGGGG
GGGGGGGGGGGGGGGGGGGGGGGGGGGG
MMGRGGGGGGGGGGGGGGGGGGGGGGGG
MMGGGGGGGGGGGGGGGGGGGGGGGGGG
[ENTITY]
Skel skeleton.png 320 480
Skel2 skeleton.png 320 512



















