The (7,1) position in the map grid

[RSC]
O water.png
S sand.png
B waterWithStone.png
G grass.png

[AT]
OOOOOOOOOOOOOOOOOOOOOOOOOOOO
OOOOOOOOOOOOOO..............
OOOOOOOOOOOOO...............
OOOOOOOOOOO.................
OOOOOOOOO...................
OOOOOOOO....................
OOOOOOOOO...................
OOOOOOOOOO..................
OOOOOOOOOOO.................
OOOOOOOOOOOO..............MM
OOOOOOOOOOOO.............MMM
OOOOOOOOOOO.............MMMM
OOOOOOOOOOO.............MMMM
OOOOOOOOOO.............MMMMM
OOOOOOOOOO.............MMMMM
OOOOOOOOOO............MMMMMM
OOOOOOOOOO............MMMMMM
OOOOOOOOOO..............MMMM
OOOOOOOOOOO...............MM
OOOOOOOOOOOO................
OOOOOOOOOOOOO...............
OOOOOOOOOOOOOO..............
OOOOOOOOOOOOOOO.............
OOOOOOOOOOOOOOOO............

[UNDER]
............................
..............SSSSSSSSSSSSSS
.............SSSSSSSSSSSSSSS
...........SSSSSSSSSSSSSSSSS
.........SSSGGGGGGGGGGGGGGGG
........SSSGGGGGGGGGGGGGGGGG
.........SSSGGGGGGGGGGGGGGGG
..........SSSGGGGGGGGGGGGGGG
...........SSSGGGGGGGGGGGGGG
............SSSGGGGGGGGGGGMM
............SSSGGGGGGGGGGMMM
...........SSSGGGGGGGGGGMMMM
...........SSSGGGGGGGGGGMMMM
..........SSSGGGGGGGGGGMMMMM
..........SSSGGGGGGGGGGMMMMM
..........SSSGGGGGGGGGMMMMMM
..........SSSGGGGGGGGGMMMMMM
..........SSSGGGGGGGGGGGMMMM
...........SSSGGGGGGGGGGGGMM
............SSSGGGGGGGGGGGGG
.............SSSGGGGGGGGGGGG
..............SSSGGGGGGGGGGG
...............SSSGGGGGGGGGG
................SSSGGGGGGGGG

[ENTITY]
