75.map
[RSC]
G grass.png
M mountain.png
# ocean.png
S stepping.png
[AT]
MMMMMMMMMMMMMMMMMMMMMMMMMMMM
MMMMMMMMMMMMMMMMMMMMMMMMMMMM
#####################.......
#####################.......
#####################.......
#####################.......
#####################.......
#####################.......
#####################.......
#####################.......
#####################.......
#####################.......
#####################.......
............................
#####################.......
#####################.......
#####################.......
#####################.......
#####################.......
#####################.......
....#################.......
....#################.......
....#################.......
....#################.......
[UNDER]
MMMMMMMMMMMMMMMMMMMMMMMMMMMM
MMMMMMMMMMMMMMMMMMMMMMMMMMMM
#####################GGGGGGG
#####################GGGGGGG
#####################GGGGGGG
#####################GGGGGGG
#####################GGGGGGG
#####################GGGGGGG
#####################GGGGGGG
#####################GGGGGGG
#####################GGGGGGG
#####################GGGGGGG
#####################GGGGGGG
SSSSSSSSSSSSSSSSSSSSSGGGGGGG
#####################GGGGGGG
#####################GGGGGGG
#####################GGGGGGG
#####################GGGGGGG
#####################GGGGGGG
#####################GGGGGGG
GGGG#################GGGGGGG
GGGG#################GGGGGGG
GGGG#################GGGGGGG
GGGG#################GGGGGGG
[ENTITY]
