7_6.map
[RSC]
G grass.png
M mountain.png
# ocean.png
S stepping.png
W wall.png
[AT]
.......##############MMMMMMM
.......##############MMMMMMM
.......##############.....MM
.......##############.....MM
.......##############.....MM
..........................MM
.......##############.....MM
#####################.....MM
#####################.....MM
#####################.....MM
#####################.....MM
#####################.....MM
#####################.....MM
#####################.....MM
#####################.....MM
#####################.....MM
####MMMMMM###########.....MM
###MMMMMMMM##########.....MM
##MMMM###MMM#########.....MM
#MMMM#####MMM########.....MM
MMMM#################.....MM
MMMM#################.....MM
MMMM......................MM
MMMM......................MM
[UNDER]
GGGGGGG##############MMMMMMM
GGGGGGG##############MMMMMMM
GGGGGGG##############GGGGGGG
GGGGGGG##############GGGGGGG
GGGGGGG##############GGGGGGG
GGGGGGGSSSSSSSSSSSSSSGGGGGGG
GGGGGGG##############GGGGGGG
#####################GGGGGGG
#####################GGGGGGG
#####################GGGGGGG
#####################GGGGGGG
#####################GGGGGGG
#####################GGGGGGG
#####################GGGGGGG
#####################GGGGGGG
#####################GGGGGGG
#####################GGGGGGG
#####################GGGGGGG
#####################GGGGGGG
#####################GGGGGGG
MMMM#################GGGGGGG
MMMM#################GGGGGGG
MMMMGGGGGGGGGGGGGGGGGGGGGGGG
MMMMGGGGGGGGGGGGGGGGGGGGGGGG
[ENTITY]
