7_7.map
[RSC]
G grassDead.png
M rocks.png
# waterToxic.png
W wall.png
R rubbleDead.png
T treeDying.png
[AT]
MMMM......................MM
MMMM.T................T...MM
MMMM......................MM
MMMM.....................MMM
MMMM....T..............MMMMM
MMMM............M.....MMMMMM
MMMM...........MMM...MMMMMMM
MMMM...........MMMMMMMMMMMMM
MMMM...........MMMMMMM..MMMM
MMMM..............MMM...MMMM
MMMMM...................MMMM
MMMMMM..................MMMM
MMMMMMM.........M.......MMMM
MMMMMMMM.......MMMM....MMMMM
MMMMMMMMM....MMMMMM....MMMMM
MMMM..MMMM..MMMMM.....MMMMMM
MMMM...MMMMMMMMM.....MMMMMMM
MMMM....MMMMM.......MMMMMMMM
MMMM......MM.......MMMMMMMMM
MMMM.............MMMMMMMMMMM
MMMM..............MMMMMMMMMM
MMM...............MMMMMMMMMM
MMM.T............MMMMMMMMMMM
MMM.............MMMMMMMMMMMM
[UNDER]
GGGGGGGGGGGGGGGGGGGGGGGGGGGG
GGGGGGGGGGGGGGGGGGGGGGGGGGGG
GGGGGGGGGGGGGGGGGGGRGGGGGGGG
GGGGGGGGGGGGGGGGGGGGGGGGGGGG
GGGGGGGGGGGGGGGGGGGGGGGGGGGG
GGGGGGGGGGGGGGGGGGGGGGGGGGGG
GGGGGGGGGGGGGGGGGGGGGGGGGGGG
GGGGGGGGGGGGGGGGGGGGGGGGGGGG
GGGGGGGGGGGGGGGGGGGGGGGGGGGG
GGGGGGGGGGGGGGGGGGGGGGGGGGGG
GGGGGGGGGGGGGGGGGGGGGGGGGGGG
GGGGGGGGGGGGGGGGGGGGGGGGGGGG
GGGGGGGGGGGGGGGGGGGGGGGGGGGG
GGGGGGGGGGGGGGGGGGGGGGGGGGGG
GGGGGGGGGGGGGGGGGGGGGGGGGGGG
GGGGGGGGGGGGGGGGGGGGGGGGGGGG
GGGGGGGGGGGGGGGGGGGGGGGGGGGG
GGGGGGGGGGGGGGGGGGGGGGGGGGGG
GGGGGGGGGGGGGGGGGGGGGGGGGGGG
GGGGGGGGGGGGGGGGGGGGGGGGGGGG
GGGGGGGGGGGGGGGGGGGGGGGGGGGG
GGGGGGGGGGGGGGGGGGGGGGGGGGGG
GGGRGGGGGGGGGGGGGGGGGGGGGGGG
GGGGGGGGGGGGGGGGGGGGGGGGGGGG
[ENTITY]



















