7-8
[RSC]
G grassDead.png
# wall.png
@ impassableRockDead.png
% wall.png
T treeDying.png

[AT]
@%%.............%%@@@@@@####
@%%..............%%@@@@@@###
@%%..............%%@@@@@@@##
@%%.........T.....%%@@@@@@##
@%%...............%%@@@@@@##
@%%...............%@@@@@@@##
@%%...............%@@@@@@@##
@%......%%%%%.....%@@@@@@@@#
@%.....%%%%%%%.....%@@@@@@@#
@%.....%%%%%%%%....%%@@@@@@#
@%%....%%%%%%%%....%@@@@@@@@
@%%%...%%%%%%%......%@@@@@@@
@%%%...%%%%%....%%...%@@@@@@
@%%%%..%%%%.....%%...%%%@@@@
@%%%%..%%%.....%%%....%%%%%%
@%%%%...%.....%%%%....%%%%%%
%%%%%%.......%%%%.....%%%%%%
%%%%%%%.....%%%%%..%..%%%%%%
%%%%%%%....%%%%%%%%%..%%%%%%
%%%%%%....%%%%%%%%%%....%%%%
%%%%%....%%%%%%%%%%%........
%%%%%...%%%%%%%%%%%%%.......
%%%%%..%%%%%%%%%%%%%%%%%%%%%
%%%%%..%%%%%%%%%%%%%%%%%%%%%

[UNDER]
GGGGGGGGGGGGGGGGGGGGGGGGGGGG
GGGGGGGGGGGGGGGGGGGGGGGGGGGG
GGGGGGGGGGGGGGGGGGGGGGGGGGGG
GGGGGGGGGGGGGGGGGGGGGGGGGGGG
GGGGGGGGGGGGGGGGGGGGGGGGGGGG
GGGGGGGGGGGGGGGGGGGGGGGGGGGG
GGGGGGGGGGGGGGGGGGGGGGGGGGGG
GGGGGGGGGGGGGGGGGGGGGGGGGGGG
GGGGGGGGGGGGGGGGGGGGGGGGGGGG
GGGGGGGGGGGGGGGGGGGGGGGGGGGG
GGGGGGGGGGGGGGGGGGGGGGGGGGGG
GGGGGGGGGGGGGGGGGGGGGGGGGGGG
GGGGGGGGGGGGGGGGGGGGGGGGGGGG
GGGGGGGGGGGGGGGGGGGGGGGGGGGG
GGGGGGGGGGGGGGGGGGGGGGGGGGGG
GGGGGGGGGGGGGGGGGGGGGGGGGGGG
GGGGGGGGGGGGGGGGGGGGGGGGGGGG
GGGGGGGGGGGGGGGGGGGGGGGGGGGG
GGGGGGGGGGGGGGGGGGGGGGGGGGGG
GGGGGGGGGGGGGGGGGGGGGGGGGGGG
GGGGGGGGGGGGGGGGGGGGGGGGGGGG
GGGGGGGGGGGGGGGGGGGGGGGGGGGG
GGGGGGGGGGGGGGGGGGGGGGGGGGGG
GGGGGGGGGGGGGGGGGGGGGGGGGGGG

[ENTITY]
