The (8,1) position in the map grid

[RSC]
O <OCEAN.png>
S <SAND.png>
B <BRIDGE.png>
G <GRASS.png>

[AT]
OOOOOOOOOOOOOOOOOOOOOOOOOOOO
.............OOOOOOOOOOOOOOO
............................
............................
............................
............................
............................
............................
............................
MMMMMMMMMMMMM...............
MMMMMMMMMMMMMMMMMMMMMMMMMMMM
MMMMMMMMMMMMMMMMMMMMMMMMMMMM
MMMMMMMMMMMMMMMMMMMMMMMMMMMM
MMMMMMMMMMMMMMMMMMMMMMMMMMMM
MMMMMMMMMMMMMMMMMMMMMMMMMMMM
MMMMMMMMMMMMMMMMMMMMMMMMMMMM
MMMMMMMMMMMMMMMMMMMMMMMMMMMM
MMMMMMMMMMMMMMMMMMMMMMMMMMMM
MMMMMMMMMMMMMMMMMMMMMMMMMMMM
MMMMMMMMMMMMMMMMMMMMMMMMMMMM
..MMMMMMMMMMMMMMMMMMMMMMMMMM
....MMMMMMMMMMMMMMMMMMMMMMMM
......MMMMMMMMMMMMMMMMMMMMMM
.......MMMMMMMMMMMMMMMMMMMMM

[UNDER]
............................
SSSSSSSSSSSSS...............
SSSSSSSSSSSSSSSSSSSSSSSSSSSS
SSSSSSSSSSSSSSSSSSSSSSSSSSSS
GGGGGGGGGGGGGSSSSSSSSSSSSSSS
GGGGGGGGGGGGGGGGGGGGGGGGGGGG
GGGGGGGGGGGGGGGGGGGGGGGGGGGG
GGGGGGGGGGGGGGGGGGGGGGGGGGGG
GGGGGGGGGGGGGGGGGGGGGGGGGGGG
.............GGGGGGGGGGGGGGG
............................
............................
............................
............................
............................
............................
............................
............................
............................
............................
GG..........................
GGGG........................
GGGGGG......................
GGGGGGG.....................

[ENTITY]
