8-9
[RSC]
T treeDying.png
G grassDead.png
% impassableRockDead.png

[AT]
%%%%%%%%%%%%%%%%%%%%%%%%%%%%
...%%......%%......%%%%%%%%%
...%%......%%......%%%%%%%%%
%..%%..%%..%%..%%..%%.......
%..%%..%%..%%..%%..%%.......
%..%%..%%..%%..%%..%%..%%%%%
%..%%..%%..%%..%%..%%..%%%%%
%..%%..%%..%%..%%......%%%%%
%..%%..%%......%%......%%%%%
%..%%..%%......%%%%%%%%%%%%%
%......%%%%%%%%%%%%%%%%%%%%%
%......%%%%%%%%%%..........%
%%%%%%%%%..................%
%%%%%%%%%..........%%%%%%..%
%..........%%%%%%%%%%%%%%..%
%..........%%%%%%%%........%
%..%%%%%%%%%%..............%
...%%%%%%%%%%..............%
...%%%%....................%
%%%%%%%................T...%
%%%%%%%....................%
.............T.............%
...........................%
%%%%%%%%%%%%%%%%%%%%%%%%%%%%

[UNDER]
GGGGGGGGGGGGGGGGGGGGGGGGGGGG
GGGGGGGGGGGGGGGGGGGGGGGGGGGG
GGGGGGGGGGGGGGGGGGGGGGGGGGGG
GGGGGGGGGGGGGGGGGGGGGGGGGGGG
GGGGGGGGGGGGGGGGGGGGGGGGGGGG
GGGGGGGGGGGGGGGGGGGGGGGGGGGG
GGGGGGGGGGGGGGGGGGGGGGGGGGGG
GGGGGGGGGGGGGGGGGGGGGGGGGGGG
GGGGGGGGGGGGGGGGGGGGGGGGGGGG
GGGGGGGGGGGGGGGGGGGGGGGGGGGG
GGGGGGGGGGGGGGGGGGGGGGGGGGGG
GGGGGGGGGGGGGGGGGGGGGGGGGGGG
GGGGGGGGGGGGGGGGGGGGGGGGGGGG
GGGGGGGGGGGGGGGGGGGGGGGGGGGG
GGGGGGGGGGGGGGGGGGGGGGGGGGGG
GGGGGGGGGGGGGGGGGGGGGGGGGGGG
GGGGGGGGGGGGGGGGGGGGGGGGGGGG
GGGGGGGGGGGGGGGGGGGGGGGGGGGG
GGGGGGGGGGGGGGGGGGGGGGGGGGGG
GGGGGGGGGGGGGGGGGGGGGGGGGGGG

[ENTITY]
