The (9,1) position in the map grid

[RSC]
O <OCEAN.png>
S <SAND.png>
B <BRIDGE.png>
G <GRASS.png>

[AT]
OO..OOOOOOOOOOOOOOOOOOOOOOOO
OO..OOOOOOOOOOOOOOOOOOOOOOOO
...........OOOOOOOOOOOOOOOOO
.............OOOOOOOOOOOOOOO
..............OOOOOOOOOOOOOO
...............OOOOOOOOOOOOO
...............OOOOOOOOOOOOO
................OOOOOOOOOOOO
.................OOOOOOOOOOO
.................OOOOOOOOOOO
MMMMMMMMMM.......OOOOOOOOOOO
MMMMMMMMMM.......OOOOOOOOOOO
MMMMMMMMMM.......OOOOOOOOOOO
MMMMMMMMMM.......OOOOOOOOOOO
MMMMMMMMMM.......OOOOOOOOOOO
MMMMMMMMMM.......OOOOOOOOOOO
MMMMMMMMMM.......OOOOOOOOOOO
MMMMMMMMMMM.......OOOOOOOOOO
MMMMMMMMMMMM.......OOOOOOOOO
MMMMMMMMMMMMM.......OOOOOOOO
MMMMMMMMMMMMM.......OOOOOOOO
MMMMMMMMMMMMMM.......OOOOOOO
MMMMMMMMMMMMMM.......OOOOOOO
MMMMMMMMMMMMMM.......OOOOOOO

[UNDER]
..BB........................
..BB........................
SSSSSSSSSSS.................
SSSSSSSSSSSSS...............
SSSSSSSSSSSSSS..............
GGGGGGGGGGGSSSS.............
GGGGGGGGGGGGSSS.............
GGGGGGGGGGGGGSSS............
GGGGGGGGGGGGGGSSS...........
GGGGGGGGGGGGGGSSS...........
..........GGGGSSS...........
..........GGGGSSS...........
..........GGGGSSS...........
..........GGGGSSS...........
..........GGGGSSS...........
..........GGGGSSS...........
..........GGGGSSS...........
............GGGSSS..........
............GGGGSSS.........
.............GGGGSSS........
.............GGGGSSS........
..............GGGGSSS.......
..............GGGGSSS.......
..............GGGGSSS.......

[ENTITY]
