Tile9_2
[RSC]
s sand.png
O water.png
M rock.png
f dirt.png
G grass.png
[AT]
MMMM...............OOOOOOOOO
MMM................OOOOOOOOO
M..................OOOOOOOOO
...................OOOOOOOOO
...................OOOOOOOOO
...................OOOOOOOOO
...................OOOOOOOOO
...................OOOOOOOOO
...................OOOOOOOOO
...................OOOOOOOOO
...................OOOOOOOOO
...............OOOOOOOOOOOOO
...........OOOOOOOOOOOOOOOOO
OOOOOOOOOOOOOOOOOOOOOOOOOOOO
OOOOOOOOOOOOOOOOOOOOOOOOOOOO
OOOOOOOOOOOOOOOOOOOOOOOOOOOO
OOOOOOOOOOOOOOOOOOOOOOOOOOOO
OOOOOOOOOOOOOOOOOOOOOOOOO...
OOOOOOOOOOOOOOOOOOOOOOOO....
OOOOOOOOOOOOOOOOOOOOOOO.....
OOOOOOOOOOOOOOOOOOOOOO......
OOOOOOOOOOOOOOOOOOOOO.......
OOOOOOOOOOOOOOOOOOOOO.......
OOOOOOOOOOOOOOOOOOOO........
[UNDER]
....GGGGGGGGsssssss.........
...GGGGGGGGGsssssss.........
.GGGGGGGGGGGGssssss.........
GGGGGGGGGGGGGssssss.........
GGGGGGGGGGGGGsssssss........
GGGGGGGGGGGGGssssss.........
GGGGGGGGGGGGsssssss.........
GGGGGGGGGGGssssssss.........
GGGGGGGGGssssssssss.........
GGGGGGsssssssssssss.........
sssssssssssssssssss.........
sssssssssssssss.............
sssssssssss.................
............................
............................
............................
............................
.........................sss
........................ssss
.......................sssss
......................ssssss
.....................sssssss
.....................sssssss
....................ssssssss
[ENTITY]
