'this is an example of a comment
' extra carriage returns are meaningless, do not do anything with them BETWEEN blocks
' The . is a special char that means "nothing here"
mapname.map    ' this is the file name, do NOT put spaces in this.

[RSC]          ' Master for resource stuff...
# Wall.png   ' No commas here, ACSCII char then a space and the resource name to load
G ground.png

[AT]           ' stuff in the char. layer.  The Char cannot move through these.
#####..#####################
#..........................#
#..........................#
#..##################..##..#
#..##################..##..#
#..........##..##..##..##..#
#..........##..##..##..##..#
#####..##..##..##..##..##..#
#####..##..##..##..##..##..#
#####..##..##..##..##..##..#
...##..##..##..............#
...##..##..##..............#
#..##..##..#################
#..##..##...................
#..##..##...................
#..##..#####################
#..##......................#
#..##......................#
#..######################..#
#..##..........##......##..#
#..##..........##......##..#
#..##......##......##......#
#..##......##......##......#
#..##......#################

[UNDER]
GGGGGGGGGGGGGGGGGGGGGGGGGGGG
GGGGGGGGGGGGGGGGGGGGGGGGGGGG
GGGGGGGGGGGGGGGGGGGGGGGGGGGG
GGGGGGGGGGGGGGGGGGGGGGGGGGGG
GGGGGGGGGGGGGGGGGGGGGGGGGGGG
GGGGGGGGGGGGGGGGGGGGGGGGGGGG
GGGGGGGGGGGGGGGGGGGGGGGGGGGG
GGGGGGGGGGGGGGGGGGGGGGGGGGGG
GGGGGGGGGGGGGGGGGGGGGGGGGGGG
GGGGGGGGGGGGGGGGGGGGGGGGGGGG
GGGGGGGGGGGGGGGGGGGGGGGGGGGG
GGGGGGGGGGGGGGGGGGGGGGGGGGGG
GGGGGGGGGGGGGGGGGGGGGGGGGGGG
GGGGGGGGGGGGGGGGGGGGGGGGGGGG
GGGGGGGGGGGGGGGGGGGGGGGGGGGG
GGGGGGGGGGGGGGGGGGGGGGGGGGGG
GGGGGGGGGGGGGGGGGGGGGGGGGGGG
GGGGGGGGGGGGGGGGGGGGGGGGGGGG
GGGGGGGGGGGGGGGGGGGGGGGGGGGG
GGGGGGGGGGGGGGGGGGGGGGGGGGGG
GGGGGGGGGGGGGGGGGGGGGGGGGGGG
GGGGGGGGGGGGGGGGGGGGGGGGGGGG
GGGGGGGGGGGGGGGGGGGGGGGGGGGG
GGGGGGGGGGGGGGGGGGGGGGGGGGGG

[ENTITY]
Skel skeleton.png 0 0 '<Name> <File> <X> <Y>



